13-9-2-1: 17400240
13-6-6-0: 35335872
8-8-8-1: 110860584264
13-12-0-0: 156
13-6-3-3: 1684343232
12-6-6-1: 5971762368
13-10-2-0: 535392
12-12-1-0: 26364
13-4-4-4: 1462103500
11-11-2-1: 74030112
